  Determining projects to restore...
  All projects are up-to-date for restore.
H:\Visual Studio Code Projects\Account Test\Account Test\Controllers\NotesController.cs(25,49): error CS1061: 'AppDbContext' does not contain a definition for 'Notes' and no accessible extension method 'Notes' accepting a first argument of type 'AppDbContext' could be found (are you missing a using directive or an assembly reference?) [H:\Visual Studio Code Projects\Account Test\Account Test\Account Test.csproj]
H:\Visual Studio Code Projects\Account Test\Account Test\Models\Todo.cs(6,19): warning CS8618: Non-nullable property 'UserId' must contain a non-null value when exiting constructor. Consider adding the 'required' modifier or declaring the property as nullable. [H:\Visual Studio Code Projects\Account Test\Account Test\Account Test.csproj]
H:\Visual Studio Code Projects\Account Test\Account Test\Models\Todo.cs(15,17): warning CS8618: Non-nullable property 'User' must contain a non-null value when exiting constructor. Consider adding the 'required' modifier or declaring the property as nullable. [H:\Visual Studio Code Projects\Account Test\Account Test\Account Test.csproj]
H:\Visual Studio Code Projects\Account Test\Account Test\Controllers\NotesController.cs(37,39): error CS1061: 'AppDbContext' does not contain a definition for 'Notes' and no accessible extension method 'Notes' accepting a first argument of type 'AppDbContext' could be found (are you missing a using directive or an assembly reference?) [H:\Visual Studio Code Projects\Account Test\Account Test\Account Test.csproj]
H:\Visual Studio Code Projects\Account Test\Account Test\Models\Note.cs(6,19): warning CS8618: Non-nullable property 'UserId' must contain a non-null value when exiting constructor. Consider adding the 'required' modifier or declaring the property as nullable. [H:\Visual Studio Code Projects\Account Test\Account Test\Account Test.csproj]
H:\Visual Studio Code Projects\Account Test\Account Test\Models\Note.cs(13,17): warning CS8618: Non-nullable property 'User' must contain a non-null value when exiting constructor. Consider adding the 'required' modifier or declaring the property as nullable. [H:\Visual Studio Code Projects\Account Test\Account Test\Account Test.csproj]
H:\Visual Studio Code Projects\Account Test\Account Test\Controllers\NotesController.cs(72,43): warning CS8602: Dereference of a possibly null reference. [H:\Visual Studio Code Projects\Account Test\Account Test\Account Test.csproj]
H:\Visual Studio Code Projects\Account Test\Account Test\Controllers\NotesController.cs(73,56): warning CS8602: Dereference of a possibly null reference. [H:\Visual Studio Code Projects\Account Test\Account Test\Account Test.csproj]
H:\Visual Studio Code Projects\Account Test\Account Test\Controllers\NotesController.cs(89,39): error CS1061: 'AppDbContext' does not contain a definition for 'Notes' and no accessible extension method 'Notes' accepting a first argument of type 'AppDbContext' could be found (are you missing a using directive or an assembly reference?) [H:\Visual Studio Code Projects\Account Test\Account Test\Account Test.csproj]
H:\Visual Studio Code Projects\Account Test\Account Test\Controllers\NotesController.cs(142,39): error CS1061: 'AppDbContext' does not contain a definition for 'Notes' and no accessible extension method 'Notes' accepting a first argument of type 'AppDbContext' could be found (are you missing a using directive or an assembly reference?) [H:\Visual Studio Code Projects\Account Test\Account Test\Account Test.csproj]
H:\Visual Studio Code Projects\Account Test\Account Test\Controllers\NotesController.cs(158,39): error CS1061: 'AppDbContext' does not contain a definition for 'Notes' and no accessible extension method 'Notes' accepting a first argument of type 'AppDbContext' could be found (are you missing a using directive or an assembly reference?) [H:\Visual Studio Code Projects\Account Test\Account Test\Account Test.csproj]
H:\Visual Studio Code Projects\Account Test\Account Test\Controllers\NotesController.cs(161,26): error CS1061: 'AppDbContext' does not contain a definition for 'Notes' and no accessible extension method 'Notes' accepting a first argument of type 'AppDbContext' could be found (are you missing a using directive or an assembly reference?) [H:\Visual Studio Code Projects\Account Test\Account Test\Account Test.csproj]
H:\Visual Studio Code Projects\Account Test\Account Test\Controllers\NotesController.cs(170,29): error CS1061: 'AppDbContext' does not contain a definition for 'Notes' and no accessible extension method 'Notes' accepting a first argument of type 'AppDbContext' could be found (are you missing a using directive or an assembly reference?) [H:\Visual Studio Code Projects\Account Test\Account Test\Account Test.csproj]
H:\Visual Studio Code Projects\Account Test\Account Test\Views\NotesBackup\Details.cshtml(47,50): error CS1061: 'User' does not contain a definition for 'Name' and no accessible extension method 'Name' accepting a first argument of type 'User' could be found (are you missing a using directive or an assembly reference?) [H:\Visual Studio Code Projects\Account Test\Account Test\Account Test.csproj]
H:\Visual Studio Code Projects\Account Test\Account Test\Views\NotesBackup\Delete.cshtml(48,50): error CS1061: 'User' does not contain a definition for 'UserId' and no accessible extension method 'UserId' accepting a first argument of type 'User' could be found (are you missing a using directive or an assembly reference?) [H:\Visual Studio Code Projects\Account Test\Account Test\Account Test.csproj]
H:\Visual Studio Code Projects\Account Test\Account Test\Views\NotesBackup\Index.cshtml(55,57): error CS1061: 'User' does not contain a definition for 'Name' and no accessible extension method 'Name' accepting a first argument of type 'User' could be found (are you missing a using directive or an assembly reference?) [H:\Visual Studio Code Projects\Account Test\Account Test\Account Test.csproj]

Build FAILED.

H:\Visual Studio Code Projects\Account Test\Account Test\Models\Todo.cs(6,19): warning CS8618: Non-nullable property 'UserId' must contain a non-null value when exiting constructor. Consider adding the 'required' modifier or declaring the property as nullable. [H:\Visual Studio Code Projects\Account Test\Account Test\Account Test.csproj]
H:\Visual Studio Code Projects\Account Test\Account Test\Models\Todo.cs(15,17): warning CS8618: Non-nullable property 'User' must contain a non-null value when exiting constructor. Consider adding the 'required' modifier or declaring the property as nullable. [H:\Visual Studio Code Projects\Account Test\Account Test\Account Test.csproj]
H:\Visual Studio Code Projects\Account Test\Account Test\Models\Note.cs(6,19): warning CS8618: Non-nullable property 'UserId' must contain a non-null value when exiting constructor. Consider adding the 'required' modifier or declaring the property as nullable. [H:\Visual Studio Code Projects\Account Test\Account Test\Account Test.csproj]
H:\Visual Studio Code Projects\Account Test\Account Test\Models\Note.cs(13,17): warning CS8618: Non-nullable property 'User' must contain a non-null value when exiting constructor. Consider adding the 'required' modifier or declaring the property as nullable. [H:\Visual Studio Code Projects\Account Test\Account Test\Account Test.csproj]
H:\Visual Studio Code Projects\Account Test\Account Test\Controllers\NotesController.cs(72,43): warning CS8602: Dereference of a possibly null reference. [H:\Visual Studio Code Projects\Account Test\Account Test\Account Test.csproj]
H:\Visual Studio Code Projects\Account Test\Account Test\Controllers\NotesController.cs(73,56): warning CS8602: Dereference of a possibly null reference. [H:\Visual Studio Code Projects\Account Test\Account Test\Account Test.csproj]
H:\Visual Studio Code Projects\Account Test\Account Test\Controllers\NotesController.cs(25,49): error CS1061: 'AppDbContext' does not contain a definition for 'Notes' and no accessible extension method 'Notes' accepting a first argument of type 'AppDbContext' could be found (are you missing a using directive or an assembly reference?) [H:\Visual Studio Code Projects\Account Test\Account Test\Account Test.csproj]
H:\Visual Studio Code Projects\Account Test\Account Test\Controllers\NotesController.cs(37,39): error CS1061: 'AppDbContext' does not contain a definition for 'Notes' and no accessible extension method 'Notes' accepting a first argument of type 'AppDbContext' could be found (are you missing a using directive or an assembly reference?) [H:\Visual Studio Code Projects\Account Test\Account Test\Account Test.csproj]
H:\Visual Studio Code Projects\Account Test\Account Test\Controllers\NotesController.cs(89,39): error CS1061: 'AppDbContext' does not contain a definition for 'Notes' and no accessible extension method 'Notes' accepting a first argument of type 'AppDbContext' could be found (are you missing a using directive or an assembly reference?) [H:\Visual Studio Code Projects\Account Test\Account Test\Account Test.csproj]
H:\Visual Studio Code Projects\Account Test\Account Test\Controllers\NotesController.cs(142,39): error CS1061: 'AppDbContext' does not contain a definition for 'Notes' and no accessible extension method 'Notes' accepting a first argument of type 'AppDbContext' could be found (are you missing a using directive or an assembly reference?) [H:\Visual Studio Code Projects\Account Test\Account Test\Account Test.csproj]
H:\Visual Studio Code Projects\Account Test\Account Test\Controllers\NotesController.cs(158,39): error CS1061: 'AppDbContext' does not contain a definition for 'Notes' and no accessible extension method 'Notes' accepting a first argument of type 'AppDbContext' could be found (are you missing a using directive or an assembly reference?) [H:\Visual Studio Code Projects\Account Test\Account Test\Account Test.csproj]
H:\Visual Studio Code Projects\Account Test\Account Test\Controllers\NotesController.cs(161,26): error CS1061: 'AppDbContext' does not contain a definition for 'Notes' and no accessible extension method 'Notes' accepting a first argument of type 'AppDbContext' could be found (are you missing a using directive or an assembly reference?) [H:\Visual Studio Code Projects\Account Test\Account Test\Account Test.csproj]
H:\Visual Studio Code Projects\Account Test\Account Test\Controllers\NotesController.cs(170,29): error CS1061: 'AppDbContext' does not contain a definition for 'Notes' and no accessible extension method 'Notes' accepting a first argument of type 'AppDbContext' could be found (are you missing a using directive or an assembly reference?) [H:\Visual Studio Code Projects\Account Test\Account Test\Account Test.csproj]
H:\Visual Studio Code Projects\Account Test\Account Test\Views\NotesBackup\Details.cshtml(47,50): error CS1061: 'User' does not contain a definition for 'Name' and no accessible extension method 'Name' accepting a first argument of type 'User' could be found (are you missing a using directive or an assembly reference?) [H:\Visual Studio Code Projects\Account Test\Account Test\Account Test.csproj]
H:\Visual Studio Code Projects\Account Test\Account Test\Views\NotesBackup\Delete.cshtml(48,50): error CS1061: 'User' does not contain a definition for 'UserId' and no accessible extension method 'UserId' accepting a first argument of type 'User' could be found (are you missing a using directive or an assembly reference?) [H:\Visual Studio Code Projects\Account Test\Account Test\Account Test.csproj]
H:\Visual Studio Code Projects\Account Test\Account Test\Views\NotesBackup\Index.cshtml(55,57): error CS1061: 'User' does not contain a definition for 'Name' and no accessible extension method 'Name' accepting a first argument of type 'User' could be found (are you missing a using directive or an assembly reference?) [H:\Visual Studio Code Projects\Account Test\Account Test\Account Test.csproj]
    6 Warning(s)
    10 Error(s)

Time Elapsed 00:00:05.57
